2026-06-29 16:32:19 [INFO] - Start to run mapping M_DPA_SUMMARIZE_FACT_CMS_CASE_SMRY
2026-06-29 16:32:19 [INFO] - Step: read_SOR_CMS_CASE_ITEM_STS
2026-06-29 16:32:19 [ERROR] - Mapping M_DPA_SUMMARIZE_FACT_CMS_CASE_SMRY FAILED: An error occurred while calling o33.load.
: java.lang.ClassNotFoundException: oracle.jdbc.driver.OracleDriver
	at java.net.URLClassLoader.findClass(URLClassLoader.java:382)
	at java.lang.ClassLoader.loadClass(ClassLoader.java:418)
	at java.lang.ClassLoader.loadClass(ClassLoader.java:351)
	at org.apache.spark.sql.execution.datasources.jdbc.DriverRegistry$.register(DriverRegistry.scala:46)
	at org.apache.spark.sql.execution.datasources.jdbc.JDBCOptions.$anonfun$driverClass$1(JDBCOptions.scala:101)
	at org.apache.spark.sql.execution.datasources.jdbc.JDBCOptions.$anonfun$driverClass$1$adapted(JDBCOptions.scala:101)
	at scala.Option.foreach(Option.scala:407)
	at org.apache.spark.sql.execution.datasources.jdbc.JDBCOptions.<init>(JDBCOptions.scala:101)
	at org.apache.spark.sql.execution.datasources.jdbc.JDBCOptions.<init>(JDBCOptions.scala:39)
	at org.apache.spark.sql.execution.datasources.jdbc.JdbcRelationProvider.createRelation(JdbcRelationProvider.scala:33)
	at org.apache.spark.sql.execution.datasources.DataSource.resolveRelation(DataSource.scala:350)
	at org.apache.spark.sql.DataFrameReader.loadV1Source(DataFrameReader.scala:274)
	at org.apache.spark.sql.DataFrameReader.$anonfun$load$3(DataFrameReader.scala:245)
	at scala.Option.getOrElse(Option.scala:189)
	at org.apache.spark.sql.DataFrameReader.load(DataFrameReader.scala:245)
	at org.apache.spark.sql.DataFrameReader.load(DataFrameReader.scala:174)
	at sun.reflect.NativeMethodAccessorImpl.invoke0(Native Method)
	at sun.reflect.NativeMethodAccessorImpl.invoke(NativeMethodAccessorImpl.java:62)
	at sun.reflect.DelegatingMethodAccessorImpl.invoke(DelegatingMethodAccessorImpl.java:43)
	at java.lang.reflect.Method.invoke(Method.java:498)
	at py4j.reflection.MethodInvoker.invoke(MethodInvoker.java:244)
	at py4j.reflection.ReflectionEngine.invoke(ReflectionEngine.java:357)
	at py4j.Gateway.invoke(Gateway.java:282)
	at py4j.commands.AbstractCommand.invokeMethod(AbstractCommand.java:132)
	at py4j.commands.CallCommand.execute(CallCommand.java:79)
	at py4j.ClientServerConnection.waitForCommands(ClientServerConnection.java:182)
	at py4j.ClientServerConnection.run(ClientServerConnection.java:106)
	at java.lang.Thread.run(Thread.java:748)
Traceback (most recent call last):
  File "/var/lib/airflow/dags/adam/informatica/PowerCenter_workflows/dds/WF_CMS_DDS_APLY_MTH_SPARK/m_dpa_summarize_fact_cms_case_smry.py", line 90, in run_mapping
    df_src_1 = lib.read_sql(spark, _conn, table="SOR_CMS_CASE_ITEM_STS")
  File "/var/lib/airflow/dags/adam/informatica/PowerCenter_workflows/dds/WF_CMS_DDS_APLY_MTH_SPARK/env/runtime_lib.py", line 299, in read_sql
    return reader.load()
  File "/usr/local/lib/python3.6/site-packages/pyspark/sql/readwriter.py", line 164, in load
    return self._df(self._jreader.load())
  File "/usr/local/lib/python3.6/site-packages/py4j/java_gateway.py", line 1322, in __call__
    answer, self.gateway_client, self.target_id, self.name)
  File "/usr/local/lib/python3.6/site-packages/pyspark/sql/utils.py", line 111, in deco
    return f(*a, **kw)
  File "/usr/local/lib/python3.6/site-packages/py4j/protocol.py", line 328, in get_return_value
    format(target_id, ".", name), value)
py4j.protocol.Py4JJavaError: An error occurred while calling o33.load.
: java.lang.ClassNotFoundException: oracle.jdbc.driver.OracleDriver
	at java.net.URLClassLoader.findClass(URLClassLoader.java:382)
	at java.lang.ClassLoader.loadClass(ClassLoader.java:418)
	at java.lang.ClassLoader.loadClass(ClassLoader.java:351)
	at org.apache.spark.sql.execution.datasources.jdbc.DriverRegistry$.register(DriverRegistry.scala:46)
	at org.apache.spark.sql.execution.datasources.jdbc.JDBCOptions.$anonfun$driverClass$1(JDBCOptions.scala:101)
	at org.apache.spark.sql.execution.datasources.jdbc.JDBCOptions.$anonfun$driverClass$1$adapted(JDBCOptions.scala:101)
	at scala.Option.foreach(Option.scala:407)
	at org.apache.spark.sql.execution.datasources.jdbc.JDBCOptions.<init>(JDBCOptions.scala:101)
	at org.apache.spark.sql.execution.datasources.jdbc.JDBCOptions.<init>(JDBCOptions.scala:39)
	at org.apache.spark.sql.execution.datasources.jdbc.JdbcRelationProvider.createRelation(JdbcRelationProvider.scala:33)
	at org.apache.spark.sql.execution.datasources.DataSource.resolveRelation(DataSource.scala:350)
	at org.apache.spark.sql.DataFrameReader.loadV1Source(DataFrameReader.scala:274)
	at org.apache.spark.sql.DataFrameReader.$anonfun$load$3(DataFrameReader.scala:245)
	at scala.Option.getOrElse(Option.scala:189)
	at org.apache.spark.sql.DataFrameReader.load(DataFrameReader.scala:245)
	at org.apache.spark.sql.DataFrameReader.load(DataFrameReader.scala:174)
	at sun.reflect.NativeMethodAccessorImpl.invoke0(Native Method)
	at sun.reflect.NativeMethodAccessorImpl.invoke(NativeMethodAccessorImpl.java:62)
	at sun.reflect.DelegatingMethodAccessorImpl.invoke(DelegatingMethodAccessorImpl.java:43)
	at java.lang.reflect.Method.invoke(Method.java:498)
	at py4j.reflection.MethodInvoker.invoke(MethodInvoker.java:244)
	at py4j.reflection.ReflectionEngine.invoke(ReflectionEngine.java:357)
	at py4j.Gateway.invoke(Gateway.java:282)
	at py4j.commands.AbstractCommand.invokeMethod(AbstractCommand.java:132)
	at py4j.commands.CallCommand.execute(CallCommand.java:79)
	at py4j.ClientServerConnection.waitForCommands(ClientServerConnection.java:182)
	at py4j.ClientServerConnection.run(ClientServerConnection.java:106)
	at java.lang.Thread.run(Thread.java:748)

